event:meta
data:{"conversationId":"resume-bench-1-d1e0d663","taskId":"2034863784597708801"}

event:message
data:{"type":"response","delta":"未"}

event:message
data:{"type":"response","delta":"检"}

event:message
data:{"type":"response","delta":"索"}

event:message
data:{"type":"response","delta":"到"}

event:message
data:{"type":"response","delta":"与"}

event:message
data:{"type":"response","delta":"问"}

event:message
data:{"type":"response","delta":"题"}

event:message
data:{"type":"response","delta":"相"}

event:message
data:{"type":"response","delta":"关"}

event:message
data:{"type":"response","delta":"的"}

event:message
data:{"type":"response","delta":"文"}

event:message
data:{"type":"response","delta":"档"}

event:message
data:{"type":"response","delta":"内"}

event:message
data:{"type":"response","delta":"容"}

event:message
data:{"type":"response","delta":"。"}

event:finish
data:{"messageId":"2034864515425820672","title":"双检索重排管道核心思想"}

event:done
data:[DONE]

