event:meta
data:{"conversationId":"resume-bench-1-c59405ed","taskId":"2034859100063453185"}

event:message
data:{"type":"response","delta":">"}

event:message
data:{"type":"response","delta":"未"}

event:message
data:{"type":"response","delta":"检"}

event:message
data:{"type":"response","delta":"索"}

event:message
data:{"type":"response","delta":"到"}

event:message
data:{"type":"response","delta":"与"}

event:message
data:{"type":"response","delta":"问"}

event:message
data:{"type":"response","delta":"题"}

event:message
data:{"type":"response","delta":"相"}

event:message
data:{"type":"response","delta":"关"}

event:message
data:{"type":"response","delta":"的"}

event:message
data:{"type":"response","delta":"文"}

event:message
data:{"type":"response","delta":"档"}

event:message
data:{"type":"response","delta":"内"}

event:message
data:{"type":"response","delta":"容"}

event:message
data:{"type":"response","delta":"。"}

event:finish
data:{"messageId":"2034859277293768704","title":"双检索加重排序核心思想"}

event:done
data:[DONE]

