event:meta
data:{"conversationId":"resume-bench-1-de5de4ad","taskId":"2034622855777398785"}

event:message
data:{"type":"response","delta":"该"}

event:message
data:{"type":"response","delta":" "}

event:message
data:{"type":"response","delta":"R"}

event:message
data:{"type":"response","delta":"A"}

event:message
data:{"type":"response","delta":"G"}

event:message
data:{"type":"response","delta":" "}

event:message
data:{"type":"response","delta":"D"}

event:message
data:{"type":"response","delta":"a"}

event:message
data:{"type":"response","delta":"s"}

event:message
data:{"type":"response","delta":"h"}

event:message
data:{"type":"response","delta":"b"}

event:message
data:{"type":"response","delta":"o"}

event:message
data:{"type":"response","delta":"a"}

event:message
data:{"type":"response","delta":"r"}

event:message
data:{"type":"response","delta":"d"}

event:message
data:{"type":"response","delta":" "}

event:message
data:{"type":"response","delta":"可"}

event:message
data:{"type":"response","delta":"以"}

event:message
data:{"type":"response","delta":"报"}

event:message
data:{"type":"response","delta":"告"}

event:message
data:{"type":"response","delta":"以"}

event:message
data:{"type":"response","delta":"下"}

event:message
data:{"type":"response","delta":"几"}

event:message
data:{"type":"response","delta":"类"}

event:message
data:{"type":"response","delta":"核"}

event:message
data:{"type":"response","delta":"心"}

event:message
data:{"type":"response","delta":"指"}

event:message
data:{"type":"response","delta":"标"}

event:message
data:{"type":"response","delta":"："}

event:message
data:{"type":"response","delta":"\n"}

event:message
data:{"type":"response","delta":"\n"}

event:message
data:{"type":"response","delta":"#"}

event:message
data:{"type":"response","delta":"#"}

event:message
data:{"type":"response","delta":"#"}

event:message
data:{"type":"response","delta":" "}

event:message
data:{"type":"response","delta":"一"}

event:message
data:{"type":"response","delta":"、"}

event:message
data:{"type":"response","delta":"概"}

event:message
data:{"type":"response","delta":"览"}

event:message
data:{"type":"response","delta":"类"}

event:message
data:{"type":"response","delta":"指"}

event:message
data:{"type":"response","delta":"标"}

event:message
data:{"type":"response","delta":"（"}

event:message
data:{"type":"response","delta":"O"}

event:message
data:{"type":"response","delta":"v"}

event:message
data:{"type":"response","delta":"e"}

event:message
data:{"type":"response","delta":"r"}

event:message
data:{"type":"response","delta":"v"}

event:message
data:{"type":"response","delta":"i"}

event:message
data:{"type":"response","delta":"e"}

event:message
data:{"type":"response","delta":"w"}

event:message
data:{"type":"response","delta":"）"}

event:message
data:{"type":"response","delta":" "}

event:message
data:{"type":"response","delta":" "}

event:message
data:{"type":"response","delta":"\n"}

event:message
data:{"type":"response","delta":"-"}

event:message
data:{"type":"response","delta":" "}

event:message
data:{"type":"response","delta":"总"}

event:message
data:{"type":"response","delta":"用"}

event:message
data:{"type":"response","delta":"户"}

event:message
data:{"type":"response","delta":"数"}

event:message
data:{"type":"response","delta":" "}

event:message
data:{"type":"response","delta":" "}

event:message
data:{"type":"response","delta":"\n"}

event:message
data:{"type":"response","delta":"-"}

event:message
data:{"type":"response","delta":" "}

event:message
data:{"type":"response","delta":"活"}

event:message
data:{"type":"response","delta":"跃"}

event:message
data:{"type":"response","delta":"用"}

event:message
data:{"type":"response","delta":"户"}

event:message
data:{"type":"response","delta":"数"}

event:message
data:{"type":"response","delta":" "}

event:message
data:{"type":"response","delta":" "}

event:message
data:{"type":"response","delta":"\n"}

event:message
data:{"type":"response","delta":"-"}

event:message
data:{"type":"response","delta":" "}

event:message
data:{"type":"response","delta":"总"}

event:message
data:{"type":"response","delta":"会"}

event:message
data:{"type":"response","delta":"话"}

event:message
data:{"type":"response","delta":"数"}

event:message
data:{"type":"response","delta":" "}

event:message
data:{"type":"response","delta":" "}

event:message
data:{"type":"response","delta":"\n"}

event:message
data:{"type":"response","delta":"-"}

event:message
data:{"type":"response","delta":" "}

event:message
data:{"type":"response","delta":"近"}

event:message
data:{"type":"response","delta":"窗"}

event:message
data:{"type":"response","delta":"口"}

event:message
data:{"type":"response","delta":"会"}

event:message
data:{"type":"response","delta":"话"}

event:message
data:{"type":"response","delta":"数"}

event:message
data:{"type":"response","delta":"（"}

event:message
data:{"type":"response","delta":"如"}

event:message
data:{"type":"response","delta":"近"}

event:message
data:{"type":"response","delta":"2"}

event:message
data:{"type":"response","delta":"4"}

event:message
data:{"type":"response","delta":"小"}

event:message
data:{"type":"response","delta":"时"}

event:message
data:{"type":"response","delta":"或"}

event:message
data:{"type":"response","delta":"近"}

event:message
data:{"type":"response","delta":"7"}

event:message
data:{"type":"response","delta":"天"}

event:message
data:{"type":"response","delta":"）"}

event:message
data:{"type":"response","delta":" "}

event:message
data:{"type":"response","delta":" "}

event:message
data:{"type":"response","delta":"\n"}

event:message
data:{"type":"response","delta":"-"}

event:message
data:{"type":"response","delta":" "}

event:message
data:{"type":"response","delta":"总"}

event:message
data:{"type":"response","delta":"消"}

event:message
data:{"type":"response","delta":"息"}

event:message
data:{"type":"response","delta":"数"}

event:message
data:{"type":"response","delta":" "}

event:message
data:{"type":"response","delta":" "}

event:message
data:{"type":"response","delta":"\n"}

event:message
data:{"type":"response","delta":"-"}

event:message
data:{"type":"response","delta":" "}

event:message
data:{"type":"response","delta":"近"}

event:message
data:{"type":"response","delta":"窗"}

event:message
data:{"type":"response","delta":"口"}

event:message
data:{"type":"response","delta":"消"}

event:message
data:{"type":"response","delta":"息"}

event:message
data:{"type":"response","delta":"数"}

event:message
data:{"type":"response","delta":" "}

event:message
data:{"type":"response","delta":" "}

event:message
data:{"type":"response","delta":"\n"}

event:message
data:{"type":"response","delta":"\n"}

event:message
data:{"type":"response","delta":"#"}

event:message
data:{"type":"response","delta":"#"}

event:message
data:{"type":"response","delta":"#"}

event:message
data:{"type":"response","delta":" "}

event:message
data:{"type":"response","delta":"二"}

event:message
data:{"type":"response","delta":"、"}

event:message
data:{"type":"response","delta":"性"}

event:message
data:{"type":"response","delta":"能"}

event:message
data:{"type":"response","delta":"类"}

event:message
data:{"type":"response","delta":"指"}

event:message
data:{"type":"response","delta":"标"}

event:message
data:{"type":"response","delta":"（"}

event:message
data:{"type":"response","delta":"P"}

event:message
data:{"type":"response","delta":"e"}

event:message
data:{"type":"response","delta":"r"}

event:message
data:{"type":"response","delta":"f"}

event:message
data:{"type":"response","delta":"o"}

event:message
data:{"type":"response","delta":"r"}

event:message
data:{"type":"response","delta":"m"}

event:message
data:{"type":"response","delta":"a"}

event:message
data:{"type":"response","delta":"n"}

event:message
data:{"type":"response","delta":"c"}

event:message
data:{"type":"response","delta":"e"}

event:message
data:{"type":"response","delta":"）"}

event:message
data:{"type":"response","delta":" "}

event:message
data:{"type":"response","delta":" "}

event:message
data:{"type":"response","delta":"\n"}

event:message
data:{"type":"response","delta":"-"}

event:message
data:{"type":"response","delta":" "}

event:message
data:{"type":"response","delta":"平"}

event:message
data:{"type":"response","delta":"均"}

event:message
data:{"type":"response","delta":"延"}

event:message
data:{"type":"response","delta":"迟"}

event:message
data:{"type":"response","delta":"（"}

event:message
data:{"type":"response","delta":"A"}

event:message
data:{"type":"response","delta":"v"}

event:message
data:{"type":"response","delta":"e"}

event:message
data:{"type":"response","delta":"r"}

event:message
data:{"type":"response","delta":"a"}

event:message
data:{"type":"response","delta":"g"}

event:message
data:{"type":"response","delta":"e"}

event:message
data:{"type":"response","delta":" "}

event:message
data:{"type":"response","delta":"L"}

event:message
data:{"type":"response","delta":"a"}

event:message
data:{"type":"response","delta":"t"}

event:message
data:{"type":"response","delta":"e"}

event:message
data:{"type":"response","delta":"n"}

event:message
data:{"type":"response","delta":"c"}

event:message
data:{"type":"response","delta":"y"}

event:message
data:{"type":"response","delta":"）"}

event:message
data:{"type":"response","delta":" "}

event:message
data:{"type":"response","delta":" "}

event:message
data:{"type":"response","delta":"\n"}

event:message
data:{"type":"response","delta":"-"}

event:message
data:{"type":"response","delta":" "}

event:message
data:{"type":"response","delta":"P"}

event:message
data:{"type":"response","delta":"9"}

event:message
data:{"type":"response","delta":"5"}

event:message
data:{"type":"response","delta":" "}

event:message
data:{"type":"response","delta":"延"}

event:message
data:{"type":"response","delta":"迟"}

event:message
data:{"type":"response","delta":"（"}

event:message
data:{"type":"response","delta":"反"}

event:message
data:{"type":"response","delta":"映"}

event:message
data:{"type":"response","delta":"长"}

event:message
data:{"type":"response","delta":"尾"}

event:message
data:{"type":"response","delta":"请"}

event:message
data:{"type":"response","delta":"求"}

event:message
data:{"type":"response","delta":"耗"}

event:message
data:{"type":"response","delta":"时"}

event:message
data:{"type":"response","delta":"）"}

event:message
data:{"type":"response","delta":" "}

event:message
data:{"type":"response","delta":" "}

event:message
data:{"type":"response","delta":"\n"}

event:message
data:{"type":"response","delta":"-"}

event:message
data:{"type":"response","delta":" "}

event:message
data:{"type":"response","delta":"成"}

event:message
data:{"type":"response","delta":"功"}

event:message
data:{"type":"response","delta":"率"}

event:message
data:{"type":"response","delta":"（"}

event:message
data:{"type":"response","delta":"H"}

event:message
data:{"type":"response","delta":"T"}

event:message
data:{"type":"response","delta":"T"}

event:message
data:{"type":"response","delta":"P"}

event:message
data:{"type":"response","delta":"正"}

event:message
data:{"type":"response","delta":"常"}

event:message
data:{"type":"response","delta":"返"}

event:message
data:{"type":"response","delta":"回"}

event:message
data:{"type":"response","delta":"且"}

event:message
data:{"type":"response","delta":"S"}

event:message
data:{"type":"response","delta":"S"}

event:message
data:{"type":"response","delta":"E"}

event:message
data:{"type":"response","delta":"完"}

event:message
data:{"type":"response","delta":"整"}

event:message
data:{"type":"response","delta":"完"}

event:message
data:{"type":"response","delta":"成"}

event:message
data:{"type":"response","delta":"的"}

event:message
data:{"type":"response","delta":"请"}

event:message
data:{"type":"response","delta":"求"}

event:message
data:{"type":"response","delta":"比"}

event:message
data:{"type":"response","delta":"例"}

event:message
data:{"type":"response","delta":"）"}

event:message
data:{"type":"response","delta":" "}

event:message
data:{"type":"response","delta":" "}

event:message
data:{"type":"response","delta":"\n"}

event:message
data:{"type":"response","delta":"-"}

event:message
data:{"type":"response","delta":" "}

event:message
data:{"type":"response","delta":"错"}

event:message
data:{"type":"response","delta":"误"}

event:message
data:{"type":"response","delta":"率"}

event:message
data:{"type":"response","delta":" "}

event:message
data:{"type":"response","delta":" "}

event:message
data:{"type":"response","delta":"\n"}

event:message
data:{"type":"response","delta":"-"}

event:message
data:{"type":"response","delta":" "}

event:message
data:{"type":"response","delta":"无"}

event:message
data:{"type":"response","delta":"文"}

event:message
data:{"type":"response","delta":"档"}

event:message
data:{"type":"response","delta":"回"}

event:message
data:{"type":"response","delta":"复"}

event:message
data:{"type":"response","delta":"率"}

event:message
data:{"type":"response","delta":"（"}

event:message
data:{"type":"response","delta":"即"}

event:message
data:{"type":"response","delta":"检"}

event:message
data:{"type":"response","delta":"索"}

event:message
data:{"type":"response","delta":"未"}

event:message
data:{"type":"response","delta":"命"}

event:message
data:{"type":"response","delta":"中"}

event:message
data:{"type":"response","delta":"任"}

event:message
data:{"type":"response","delta":"何"}

event:message
data:{"type":"response","delta":"相"}

event:message
data:{"type":"response","delta":"关"}

event:message
data:{"type":"response","delta":"文"}

event:message
data:{"type":"response","delta":"档"}

event:message
data:{"type":"response","delta":"的"}

event:message
data:{"type":"response","delta":"请"}

event:message
data:{"type":"response","delta":"求"}

event:message
data:{"type":"response","delta":"占"}

event:message
data:{"type":"response","delta":"比"}

event:message
data:{"type":"response","delta":"）"}

event:message
data:{"type":"response","delta":" "}

event:message
data:{"type":"response","delta":" "}

event:message
data:{"type":"response","delta":"\n"}

event:message
data:{"type":"response","delta":"-"}

event:message
data:{"type":"response","delta":" "}

event:message
data:{"type":"response","delta":"慢"}

event:message
data:{"type":"response","delta":"请"}

event:message
data:{"type":"response","delta":"求"}

event:message
data:{"type":"response","delta":"占"}

event:message
data:{"type":"response","delta":"比"}

event:message
data:{"type":"response","delta":" "}

event:message
data:{"type":"response","delta":" "}

event:message
data:{"type":"response","delta":"\n"}

event:message
data:{"type":"response","delta":"\n"}

event:message
data:{"type":"response","delta":"#"}

event:message
data:{"type":"response","delta":"#"}

event:message
data:{"type":"response","delta":"#"}

event:message
data:{"type":"response","delta":" "}

event:message
data:{"type":"response","delta":"三"}

event:message
data:{"type":"response","delta":"、"}

event:message
data:{"type":"response","delta":"趋"}

event:message
data:{"type":"response","delta":"势"}

event:message
data:{"type":"response","delta":"类"}

event:message
data:{"type":"response","delta":"指"}

event:message
data:{"type":"response","delta":"标"}

event:message
data:{"type":"response","delta":"（"}

event:message
data:{"type":"response","delta":"T"}

event:message
data:{"type":"response","delta":"r"}

event:message
data:{"type":"response","delta":"e"}

event:message
data:{"type":"response","delta":"n"}

event:message
data:{"type":"response","delta":"d"}

event:message
data:{"type":"response","delta":"s"}

event:message
data:{"type":"response","delta":"）"}

event:message
data:{"type":"response","delta":" "}

event:message
data:{"type":"response","delta":" "}

event:message
data:{"type":"response","delta":"\n"}

event:message
data:{"type":"response","delta":"-"}

event:message
data:{"type":"response","delta":" "}

event:message
data:{"type":"response","delta":"会"}

event:message
data:{"type":"response","delta":"话"}

event:message
data:{"type":"response","delta":"量"}

event:message
data:{"type":"response","delta":"趋"}

event:message
data:{"type":"response","delta":"势"}

event:message
data:{"type":"response","delta":" "}

event:message
data:{"type":"response","delta":" "}

event:message
data:{"type":"response","delta":"\n"}

event:message
data:{"type":"response","delta":"-"}

event:message
data:{"type":"response","delta":" "}

event:message
data:{"type":"response","delta":"消"}

event:message
data:{"type":"response","delta":"息"}

event:message
data:{"type":"response","delta":"量"}

event:message
data:{"type":"response","delta":"趋"}

event:message
data:{"type":"response","delta":"势"}

event:message
data:{"type":"response","delta":" "}

event:message
data:{"type":"response","delta":" "}

event:message
data:{"type":"response","delta":"\n"}

event:message
data:{"type":"response","delta":"-"}

event:message
data:{"type":"response","delta":" "}

event:message
data:{"type":"response","delta":"活"}

event:message
data:{"type":"response","delta":"跃"}

event:message
data:{"type":"response","delta":"用"}

event:message
data:{"type":"response","delta":"户"}

event:message
data:{"type":"response","delta":"趋"}

event:message
data:{"type":"response","delta":"势"}

event:message
data:{"type":"response","delta":" "}

event:message
data:{"type":"response","delta":" "}

event:message
data:{"type":"response","delta":"\n"}

event:message
data:{"type":"response","delta":"-"}

event:message
data:{"type":"response","delta":" "}

event:message
data:{"type":"response","delta":"平"}

event:message
data:{"type":"response","delta":"均"}

event:message
data:{"type":"response","delta":"延"}

event:message
data:{"type":"response","delta":"迟"}

event:message
data:{"type":"response","delta":"趋"}

event:message
data:{"type":"response","delta":"势"}

event:message
data:{"type":"response","delta":" "}

event:message
data:{"type":"response","delta":" "}

event:message
data:{"type":"response","delta":"\n"}

event:message
data:{"type":"response","delta":"-"}

event:message
data:{"type":"response","delta":" "}

event:message
data:{"type":"response","delta":"质"}

event:message
data:{"type":"response","delta":"量"}

event:message
data:{"type":"response","delta":"趋"}

event:message
data:{"type":"response","delta":"势"}

event:message
data:{"type":"response","delta":"（"}

event:message
data:{"type":"response","delta":"如"}

event:message
data:{"type":"response","delta":"成"}

event:message
data:{"type":"response","delta":"功"}

event:message
data:{"type":"response","delta":"率"}

event:message
data:{"type":"response","delta":"、"}

event:message
data:{"type":"response","delta":"无"}

event:message
data:{"type":"response","delta":"文"}

event:message
data:{"type":"response","delta":"档"}

event:message
data:{"type":"response","delta":"回"}

event:message
data:{"type":"response","delta":"复"}

event:message
data:{"type":"response","delta":"率"}

event:message
data:{"type":"response","delta":"等"}

event:message
data:{"type":"response","delta":"随"}

event:message
data:{"type":"response","delta":"时"}

event:message
data:{"type":"response","delta":"间"}

event:message
data:{"type":"response","delta":"的"}

event:message
data:{"type":"response","delta":"变"}

event:message
data:{"type":"response","delta":"化"}

event:message
data:{"type":"response","delta":"）"}

event:message
data:{"type":"response","delta":" "}

event:message
data:{"type":"response","delta":" "}

event:message
data:{"type":"response","delta":"\n"}

event:message
data:{"type":"response","delta":"\n"}

event:message
data:{"type":"response","delta":"这"}

event:message
data:{"type":"response","delta":"些"}

event:message
data:{"type":"response","delta":"指"}

event:message
data:{"type":"response","delta":"标"}

event:message
data:{"type":"response","delta":"不"}

event:message
data:{"type":"response","delta":"仅"}

event:message
data:{"type":"response","delta":"支"}

event:message
data:{"type":"response","delta":"持"}

event:message
data:{"type":"response","delta":"实"}

event:message
data:{"type":"response","delta":"时"}

event:message
data:{"type":"response","delta":"监"}

event:message
data:{"type":"response","delta":"控"}

event:message
data:{"type":"response","delta":"，"}

event:message
data:{"type":"response","delta":"还"}

event:message
data:{"type":"response","delta":"可"}

event:message
data:{"type":"response","delta":"用"}

event:message
data:{"type":"response","delta":"于"}

event:message
data:{"type":"response","delta":"链"}

event:message
data:{"type":"response","delta":"路"}

event:message
data:{"type":"response","delta":"问"}

event:message
data:{"type":"response","delta":"题"}

event:message
data:{"type":"response","delta":"定"}

event:message
data:{"type":"response","delta":"位"}

event:message
data:{"type":"response","delta":"、"}

event:message
data:{"type":"response","delta":"离"}

event:message
data:{"type":"response","delta":"线"}

event:message
data:{"type":"response","delta":"回"}

event:message
data:{"type":"response","delta":"归"}

event:message
data:{"type":"response","delta":"分"}

event:message
data:{"type":"response","delta":"析"}

event:message
data:{"type":"response","delta":"和"}

event:message
data:{"type":"response","delta":"简"}

event:message
data:{"type":"response","delta":"历"}

event:message
data:{"type":"response","delta":"中"}

event:message
data:{"type":"response","delta":"的"}

event:message
data:{"type":"response","delta":"量"}

event:message
data:{"type":"response","delta":"化"}

event:message
data:{"type":"response","delta":"成"}

event:message
data:{"type":"response","delta":"果"}

event:message
data:{"type":"response","delta":"展"}

event:message
data:{"type":"response","delta":"示"}

event:message
data:{"type":"response","delta":"。"}

event:message
data:{"type":"response","delta":"例"}

event:message
data:{"type":"response","delta":"如"}

event:message
data:{"type":"response","delta":"，"}

event:message
data:{"type":"response","delta":"你"}

event:message
data:{"type":"response","delta":"可"}

event:message
data:{"type":"response","delta":"以"}

event:message
data:{"type":"response","delta":"引"}

event:message
data:{"type":"response","delta":"用"}

event:message
data:{"type":"response","delta":"“"}

event:message
data:{"type":"response","delta":"平"}

event:message
data:{"type":"response","delta":"均"}

event:message
data:{"type":"response","delta":" "}

event:message
data:{"type":"response","delta":"R"}

event:message
data:{"type":"response","delta":"T"}

event:message
data:{"type":"response","delta":" "}

event:message
data:{"type":"response","delta":"/"}

event:message
data:{"type":"response","delta":" "}

event:message
data:{"type":"response","delta":"P"}

event:message
data:{"type":"response","delta":"9"}

event:message
data:{"type":"response","delta":"5"}

event:message
data:{"type":"response","delta":"”"}

event:message
data:{"type":"response","delta":"、"}

event:message
data:{"type":"response","delta":"“"}

event:message
data:{"type":"response","delta":"成"}

event:message
data:{"type":"response","delta":"功"}

event:message
data:{"type":"response","delta":"率"}

event:message
data:{"type":"response","delta":" "}

event:message
data:{"type":"response","delta":"/"}

event:message
data:{"type":"response","delta":" "}

event:message
data:{"type":"response","delta":"错"}

event:message
data:{"type":"response","delta":"误"}

event:message
data:{"type":"response","delta":"率"}

event:message
data:{"type":"response","delta":"”"}

event:message
data:{"type":"response","delta":"、"}

event:message
data:{"type":"response","delta":"“"}

event:message
data:{"type":"response","delta":"无"}

event:message
data:{"type":"response","delta":"文"}

event:message
data:{"type":"response","delta":"档"}

event:message
data:{"type":"response","delta":"回"}

event:message
data:{"type":"response","delta":"复"}

event:message
data:{"type":"response","delta":"率"}

event:message
data:{"type":"response","delta":"”"}

event:message
data:{"type":"response","delta":"以"}

event:message
data:{"type":"response","delta":"及"}

event:message
data:{"type":"response","delta":"“"}

event:message
data:{"type":"response","delta":"近"}

event:message
data:{"type":"response","delta":"2"}

event:message
data:{"type":"response","delta":"4"}

event:message
data:{"type":"response","delta":"小"}

event:message
data:{"type":"response","delta":"时"}

event:message
data:{"type":"response","delta":"或"}

event:message
data:{"type":"response","delta":"近"}

event:message
data:{"type":"response","delta":"7"}

event:message
data:{"type":"response","delta":"天"}

event:message
data:{"type":"response","delta":"的"}

event:message
data:{"type":"response","delta":"趋"}

event:message
data:{"type":"response","delta":"势"}

event:message
data:{"type":"response","delta":"数"}

event:message
data:{"type":"response","delta":"据"}

event:message
data:{"type":"response","delta":"”"}

event:message
data:{"type":"response","delta":"来"}

event:message
data:{"type":"response","delta":"增"}

event:message
data:{"type":"response","delta":"强"}

event:message
data:{"type":"response","delta":"项"}

event:message
data:{"type":"response","delta":"目"}

event:message
data:{"type":"response","delta":"可"}

event:message
data:{"type":"response","delta":"信"}

event:message
data:{"type":"response","delta":"度"}

event:message
data:{"type":"response","delta":"。"}

event:finish
data:{"messageId":"2034622935272042496","title":"RAG 仪表板可报告哪些指标"}

event:done
data:[DONE]

