event:meta
data:{"conversationId":"resume-bench-9-d52e5375","taskId":"2034851082445836289"}

event:message
data:{"type":"response","delta":">"}

event:message
data:{"type":"response","delta":"未"}

event:message
data:{"type":"response","delta":"检"}

event:message
data:{"type":"response","delta":"索"}

event:message
data:{"type":"response","delta":"到"}

event:message
data:{"type":"response","delta":"与"}

event:message
data:{"type":"response","delta":"问"}

event:message
data:{"type":"response","delta":"题"}

event:message
data:{"type":"response","delta":"相"}

event:message
data:{"type":"response","delta":"关"}

event:message
data:{"type":"response","delta":"的"}

event:message
data:{"type":"response","delta":"文"}

event:message
data:{"type":"response","delta":"档"}

event:message
data:{"type":"response","delta":"内"}

event:message
data:{"type":"response","delta":"容"}

event:message
data:{"type":"response","delta":"。"}

event:finish
data:{"messageId":"2034851329444204544","title":"项目流程计算和Rerank流程计算"}

event:done
data:[DONE]

