event:meta
data:{"conversationId":"resume-bench-6-2b21b429","taskId":"2034850923645292545"}

event:message
data:{"type":"response","delta":"关"}

event:message
data:{"type":"response","delta":"于"}

event:message
data:{"type":"response","delta":"评"}

event:message
data:{"type":"response","delta":"估"}

event:message
data:{"type":"response","delta":"流"}

event:message
data:{"type":"response","delta":"程"}

event:message
data:{"type":"response","delta":"和"}

event:message
data:{"type":"response","delta":" "}

event:message
data:{"type":"response","delta":"R"}

event:message
data:{"type":"response","delta":"e"}

event:message
data:{"type":"response","delta":"r"}

event:message
data:{"type":"response","delta":"a"}

event:message
data:{"type":"response","delta":"n"}

event:message
data:{"type":"response","delta":"k"}

event:message
data:{"type":"response","delta":" "}

event:message
data:{"type":"response","delta":"流"}

event:message
data:{"type":"response","delta":"程"}

event:message
data:{"type":"response","delta":"的"}

event:message
data:{"type":"response","delta":"计"}

event:message
data:{"type":"response","delta":"算"}

event:message
data:{"type":"response","delta":"方"}

event:message
data:{"type":"response","delta":"法"}

event:message
data:{"type":"response","delta":"，"}

event:message
data:{"type":"response","delta":"当"}

event:message
data:{"type":"response","delta":"前"}

event:message
data:{"type":"response","delta":"文"}

event:message
data:{"type":"response","delta":"档"}

event:message
data:{"type":"response","delta":"中"}

event:message
data:{"type":"response","delta":"并"}

event:message
data:{"type":"response","delta":"未"}

event:message
data:{"type":"response","delta":"提"}

event:message
data:{"type":"response","delta":"供"}

event:message
data:{"type":"response","delta":"具"}

event:message
data:{"type":"response","delta":"体"}

event:message
data:{"type":"response","delta":"的"}

event:message
data:{"type":"response","delta":"数"}

event:message
data:{"type":"response","delta":"值"}

event:message
data:{"type":"response","delta":"公"}

event:message
data:{"type":"response","delta":"式"}

event:message
data:{"type":"response","delta":"或"}

event:message
data:{"type":"response","delta":"计"}

event:message
data:{"type":"response","delta":"算"}

event:message
data:{"type":"response","delta":"规"}

event:message
data:{"type":"response","delta":"则"}

event:message
data:{"type":"response","delta":"，"}

event:message
data:{"type":"response","delta":"但"}

event:message
data:{"type":"response","delta":"可"}

event:message
data:{"type":"response","delta":"以"}

event:message
data:{"type":"response","delta":"基"}

event:message
data:{"type":"response","delta":"于"}

event:message
data:{"type":"response","delta":"流"}

event:message
data:{"type":"response","delta":"程"}

event:message
data:{"type":"response","delta":"阶"}

event:message
data:{"type":"response","delta":"段"}

event:message
data:{"type":"response","delta":"进"}

event:message
data:{"type":"response","delta":"行"}

event:message
data:{"type":"response","delta":"说"}

event:message
data:{"type":"response","delta":"明"}

event:message
data:{"type":"response","delta":"："}

event:message
data:{"type":"response","delta":"\n"}

event:message
data:{"type":"response","delta":"\n"}

event:message
data:{"type":"response","delta":"-"}

event:message
data:{"type":"response","delta":"-"}

event:message
data:{"type":"response","delta":"-"}

event:message
data:{"type":"response","delta":"\n"}

event:message
data:{"type":"response","delta":"\n"}

event:message
data:{"type":"response","delta":"#"}

event:message
data:{"type":"response","delta":"#"}

event:message
data:{"type":"response","delta":"#"}

event:message
data:{"type":"response","delta":" "}

event:message
data:{"type":"response","delta":"*"}

event:message
data:{"type":"response","delta":"*"}

event:message
data:{"type":"response","delta":"评"}

event:message
data:{"type":"response","delta":"估"}

event:message
data:{"type":"response","delta":"流"}

event:message
data:{"type":"response","delta":"程"}

event:message
data:{"type":"response","delta":"计"}

event:message
data:{"type":"response","delta":"算"}

event:message
data:{"type":"response","delta":"逻"}

event:message
data:{"type":"response","delta":"辑"}

event:message
data:{"type":"response","delta":"*"}

event:message
data:{"type":"response","delta":"*"}

event:message
data:{"type":"response","delta":"\n"}

event:message
data:{"type":"response","delta":"1"}

event:message
data:{"type":"response","delta":"."}

event:message
data:{"type":"response","delta":" "}

event:message
data:{"type":"response","delta":"*"}

event:message
data:{"type":"response","delta":"*"}

event:message
data:{"type":"response","delta":"需"}

event:message
data:{"type":"response","delta":"求"}

event:message
data:{"type":"response","delta":"分"}

event:message
data:{"type":"response","delta":"析"}

event:message
data:{"type":"response","delta":"阶"}

event:message
data:{"type":"response","delta":"段"}

event:message
data:{"type":"response","delta":"*"}

event:message
data:{"type":"response","delta":"*"}

event:message
data:{"type":"response","delta":" "}

event:message
data:{"type":"response","delta":"-"}

event:message
data:{"type":"response","delta":" "}

event:message
data:{"type":"response","delta":"计"}

event:message
data:{"type":"response","delta":"算"}

event:message
data:{"type":"response","delta":"权"}

event:message
data:{"type":"response","delta":"重"}

event:message
data:{"type":"response","delta":"："}

event:message
data:{"type":"response","delta":"根"}

event:message
data:{"type":"response","delta":"据"}

event:message
data:{"type":"response","delta":"业"}

event:message
data:{"type":"response","delta":"务"}

event:message
data:{"type":"response","delta":"优"}

event:message
data:{"type":"response","delta":"先"}

event:message
data:{"type":"response","delta":"级"}

event:message
data:{"type":"response","delta":"分"}

event:message
data:{"type":"response","delta":"配"}

event:message
data:{"type":"response","delta":"权"}

event:message
data:{"type":"response","delta":"重"}

event:message
data:{"type":"response","delta":"（"}

event:message
data:{"type":"response","delta":"如"}

event:message
data:{"type":"response","delta":"核"}

event:message
data:{"type":"response","delta":"心"}

event:message
data:{"type":"response","delta":"指"}

event:message
data:{"type":"response","delta":"标"}

event:message
data:{"type":"response","delta":"权"}

event:message
data:{"type":"response","delta":"重"}

event:message
data:{"type":"response","delta":"占"}

event:message
data:{"type":"response","delta":"比"}

event:message
data:{"type":"response","delta":"6"}

event:message
data:{"type":"response","delta":"0"}

event:message
data:{"type":"response","delta":"%"}

event:message
data:{"type":"response","delta":"，"}

event:message
data:{"type":"response","delta":"辅"}

event:message
data:{"type":"response","delta":"助"}

event:message
data:{"type":"response","delta":"指"}

event:message
data:{"type":"response","delta":"标"}

event:message
data:{"type":"response","delta":"4"}

event:message
data:{"type":"response","delta":"0"}

event:message
data:{"type":"response","delta":"%"}

event:message
data:{"type":"response","delta":"）"}

event:message
data:{"type":"response","delta":" "}

event:message
data:{"type":"response","delta":"-"}

event:message
data:{"type":"response","delta":" "}

event:message
data:{"type":"response","delta":"公"}

event:message
data:{"type":"response","delta":"式"}

event:message
data:{"type":"response","delta":"示"}

event:message
data:{"type":"response","delta":"例"}

event:message
data:{"type":"response","delta":"："}

event:message
data:{"type":"response","delta":"`"}

event:message
data:{"type":"response","delta":"总"}

event:message
data:{"type":"response","delta":"评"}

event:message
data:{"type":"response","delta":"分"}

event:message
data:{"type":"response","delta":" "}

event:message
data:{"type":"response","delta":"="}

event:message
data:{"type":"response","delta":" "}

event:message
data:{"type":"response","delta":"核"}

event:message
data:{"type":"response","delta":"心"}

event:message
data:{"type":"response","delta":"指"}

event:message
data:{"type":"response","delta":"标"}

event:message
data:{"type":"response","delta":"得"}

event:message
data:{"type":"response","delta":"分"}

event:message
data:{"type":"response","delta":" "}

event:message
data:{"type":"response","delta":"×"}

event:message
data:{"type":"response","delta":" "}

event:message
data:{"type":"response","delta":"权"}

event:message
data:{"type":"response","delta":"重"}

event:message
data:{"type":"response","delta":" "}

event:message
data:{"type":"response","delta":"+"}

event:message
data:{"type":"response","delta":" "}

event:message
data:{"type":"response","delta":"辅"}

event:message
data:{"type":"response","delta":"助"}

event:message
data:{"type":"response","delta":"指"}

event:message
data:{"type":"response","delta":"标"}

event:message
data:{"type":"response","delta":"得"}

event:message
data:{"type":"response","delta":"分"}

event:message
data:{"type":"response","delta":" "}

event:message
data:{"type":"response","delta":"×"}

event:message
data:{"type":"response","delta":" "}

event:message
data:{"type":"response","delta":"权"}

event:message
data:{"type":"response","delta":"重"}

event:message
data:{"type":"response","delta":"`"}

event:message
data:{"type":"response","delta":"2"}

event:message
data:{"type":"response","delta":"."}

event:message
data:{"type":"response","delta":" "}

event:message
data:{"type":"response","delta":"*"}

event:message
data:{"type":"response","delta":"*"}

event:message
data:{"type":"response","delta":"方"}

event:message
data:{"type":"response","delta":"案"}

event:message
data:{"type":"response","delta":"设"}

event:message
data:{"type":"response","delta":"计"}

event:message
data:{"type":"response","delta":"阶"}

event:message
data:{"type":"response","delta":"段"}

event:message
data:{"type":"response","delta":"*"}

event:message
data:{"type":"response","delta":"*"}

event:message
data:{"type":"response","delta":" "}

event:message
data:{"type":"response","delta":"-"}

event:message
data:{"type":"response","delta":" "}

event:message
data:{"type":"response","delta":"成"}

event:message
data:{"type":"response","delta":"本"}

event:message
data:{"type":"response","delta":"效"}

event:message
data:{"type":"response","delta":"益"}

event:message
data:{"type":"response","delta":"比"}

event:message
data:{"type":"response","delta":"计"}

event:message
data:{"type":"response","delta":"算"}

event:message
data:{"type":"response","delta":"："}

event:message
data:{"type":"response","delta":"`"}

event:message
data:{"type":"response","delta":"成"}

event:message
data:{"type":"response","delta":"本"}

event:message
data:{"type":"response","delta":"效"}

event:message
data:{"type":"response","delta":"益"}

event:message
data:{"type":"response","delta":"比"}

event:message
data:{"type":"response","delta":" "}

event:message
data:{"type":"response","delta":"="}

event:message
data:{"type":"response","delta":" "}

event:message
data:{"type":"response","delta":"方"}

event:message
data:{"type":"response","delta":"案"}

event:message
data:{"type":"response","delta":"价"}

event:message
data:{"type":"response","delta":"值"}

event:message
data:{"type":"response","delta":" "}

event:message
data:{"type":"response","delta":"/"}

event:message
data:{"type":"response","delta":" "}

event:message
data:{"type":"response","delta":"实"}

event:message
data:{"type":"response","delta":"施"}

event:message
data:{"type":"response","delta":"成"}

event:message
data:{"type":"response","delta":"本"}

event:message
data:{"type":"response","delta":"`"}

event:message
data:{"type":"response","delta":" "}

event:message
data:{"type":"response","delta":"-"}

event:message
data:{"type":"response","delta":" "}

event:message
data:{"type":"response","delta":"风"}

event:message
data:{"type":"response","delta":"险"}

event:message
data:{"type":"response","delta":"系"}

event:message
data:{"type":"response","delta":"数"}

event:message
data:{"type":"response","delta":"评"}

event:message
data:{"type":"response","delta":"估"}

event:message
data:{"type":"response","delta":"："}

event:message
data:{"type":"response","delta":"`"}

event:message
data:{"type":"response","delta":"风"}

event:message
data:{"type":"response","delta":"险"}

event:message
data:{"type":"response","delta":"评"}

event:message
data:{"type":"response","delta":"分"}

event:message
data:{"type":"response","delta":" "}

event:message
data:{"type":"response","delta":"="}

event:message
data:{"type":"response","delta":" "}

event:message
data:{"type":"response","delta":"风"}

event:message
data:{"type":"response","delta":"险"}

event:message
data:{"type":"response","delta":"等"}

event:message
data:{"type":"response","delta":"级"}

event:message
data:{"type":"response","delta":" "}

event:message
data:{"type":"response","delta":"×"}

event:message
data:{"type":"response","delta":" "}

event:message
data:{"type":"response","delta":"权"}

event:message
data:{"type":"response","delta":"重"}

event:message
data:{"type":"response","delta":"（"}

event:message
data:{"type":"response","delta":"如"}

event:message
data:{"type":"response","delta":"高"}

event:message
data:{"type":"response","delta":"风"}

event:message
data:{"type":"response","delta":"险"}

event:message
data:{"type":"response","delta":"0"}

event:message
data:{"type":"response","delta":"."}

event:message
data:{"type":"response","delta":"8"}

event:message
data:{"type":"response","delta":"，"}

event:message
data:{"type":"response","delta":"中"}

event:message
data:{"type":"response","delta":"风"}

event:message
data:{"type":"response","delta":"险"}

event:message
data:{"type":"response","delta":"0"}

event:message
data:{"type":"response","delta":"."}

event:message
data:{"type":"response","delta":"5"}

event:message
data:{"type":"response","delta":"）"}

event:message
data:{"type":"response","delta":"`"}

event:message
data:{"type":"response","delta":"3"}

event:message
data:{"type":"response","delta":"."}

event:message
data:{"type":"response","delta":" "}

event:message
data:{"type":"response","delta":"*"}

event:message
data:{"type":"response","delta":"*"}

event:message
data:{"type":"response","delta":"测"}

event:message
data:{"type":"response","delta":"试"}

event:message
data:{"type":"response","delta":"验"}

event:message
data:{"type":"response","delta":"证"}

event:message
data:{"type":"response","delta":"阶"}

event:message
data:{"type":"response","delta":"段"}

event:message
data:{"type":"response","delta":"*"}

event:message
data:{"type":"response","delta":"*"}

event:message
data:{"type":"response","delta":" "}

event:message
data:{"type":"response","delta":"-"}

event:message
data:{"type":"response","delta":"通"}

event:message
data:{"type":"response","delta":"过"}

event:message
data:{"type":"response","delta":"率"}

event:message
data:{"type":"response","delta":"计"}

event:message
data:{"type":"response","delta":"算"}

event:message
data:{"type":"response","delta":"："}

event:message
data:{"type":"response","delta":"`"}

event:message
data:{"type":"response","delta":"通"}

event:message
data:{"type":"response","delta":"过"}

event:message
data:{"type":"response","delta":"率"}

event:message
data:{"type":"response","delta":" "}

event:message
data:{"type":"response","delta":"="}

event:message
data:{"type":"response","delta":" "}

event:message
data:{"type":"response","delta":"("}

event:message
data:{"type":"response","delta":"通"}

event:message
data:{"type":"response","delta":"过"}

event:message
data:{"type":"response","delta":"测"}

event:message
data:{"type":"response","delta":"试"}

event:message
data:{"type":"response","delta":"的"}

event:message
data:{"type":"response","delta":"方"}

event:message
data:{"type":"response","delta":"案"}

event:message
data:{"type":"response","delta":"数"}

event:message
data:{"type":"response","delta":")"}

event:message
data:{"type":"response","delta":" "}

event:message
data:{"type":"response","delta":"/"}

event:message
data:{"type":"response","delta":" "}

event:message
data:{"type":"response","delta":"总"}

event:message
data:{"type":"response","delta":"方"}

event:message
data:{"type":"response","delta":"案"}

event:message
data:{"type":"response","delta":"数"}

event:message
data:{"type":"response","delta":" "}

event:message
data:{"type":"response","delta":"×"}

event:message
data:{"type":"response","delta":"1"}

event:message
data:{"type":"response","delta":"0"}

event:message
data:{"type":"response","delta":"0"}

event:message
data:{"type":"response","delta":"%"}

event:message
data:{"type":"response","delta":"`"}

event:message
data:{"type":"response","delta":" "}

event:message
data:{"type":"response","delta":"-"}

event:message
data:{"type":"response","delta":"误"}

event:message
data:{"type":"response","delta":"差"}

event:message
data:{"type":"response","delta":"率"}

event:message
data:{"type":"response","delta":"评"}

event:message
data:{"type":"response","delta":"估"}

event:message
data:{"type":"response","delta":"："}

event:message
data:{"type":"response","delta":"`"}

event:message
data:{"type":"response","delta":"误"}

event:message
data:{"type":"response","delta":"差"}

event:message
data:{"type":"response","delta":"率"}

event:message
data:{"type":"response","delta":" "}

event:message
data:{"type":"response","delta":"="}

event:message
data:{"type":"response","delta":" "}

event:message
data:{"type":"response","delta":"("}

event:message
data:{"type":"response","delta":"错"}

event:message
data:{"type":"response","delta":"误"}

event:message
data:{"type":"response","delta":"判"}

event:message
data:{"type":"response","delta":"断"}

event:message
data:{"type":"response","delta":"次"}

event:message
data:{"type":"response","delta":"数"}

event:message
data:{"type":"response","delta":")"}

event:message
data:{"type":"response","delta":" "}

event:message
data:{"type":"response","delta":"/"}

event:message
data:{"type":"response","delta":" "}

event:message
data:{"type":"response","delta":"总"}

event:message
data:{"type":"response","delta":"判"}

event:message
data:{"type":"response","delta":"断"}

event:message
data:{"type":"response","delta":"次"}

event:message
data:{"type":"response","delta":"数"}

event:message
data:{"type":"response","delta":" "}

event:message
data:{"type":"response","delta":"×"}

event:message
data:{"type":"response","delta":"1"}

event:message
data:{"type":"response","delta":"0"}

event:message
data:{"type":"response","delta":"0"}

event:message
data:{"type":"response","delta":"%"}

event:message
data:{"type":"response","delta":"`"}

event:message
data:{"type":"response","delta":"4"}

event:message
data:{"type":"response","delta":"."}

event:message
data:{"type":"response","delta":" "}

event:message
data:{"type":"response","delta":"*"}

event:message
data:{"type":"response","delta":"*"}

event:message
data:{"type":"response","delta":"结"}

event:message
data:{"type":"response","delta":"果"}

event:message
data:{"type":"response","delta":"分"}

event:message
data:{"type":"response","delta":"析"}

event:message
data:{"type":"response","delta":"阶"}

event:message
data:{"type":"response","delta":"段"}

event:message
data:{"type":"response","delta":"*"}

event:message
data:{"type":"response","delta":"*"}

event:message
data:{"type":"response","delta":" "}

event:message
data:{"type":"response","delta":"-"}

event:message
data:{"type":"response","delta":" "}

event:message
data:{"type":"response","delta":"综"}

event:message
data:{"type":"response","delta":"合"}

event:message
data:{"type":"response","delta":"评"}

event:message
data:{"type":"response","delta":"分"}

event:message
data:{"type":"response","delta":"："}

event:message
data:{"type":"response","delta":"`"}

event:message
data:{"type":"response","delta":"最"}

event:message
data:{"type":"response","delta":"终"}

event:message
data:{"type":"response","delta":"评"}

event:message
data:{"type":"response","delta":"分"}

event:message
data:{"type":"response","delta":" "}

event:message
data:{"type":"response","delta":"="}

event:message
data:{"type":"response","delta":" "}

event:message
data:{"type":"response","delta":"阶"}

event:message
data:{"type":"response","delta":"段"}

event:message
data:{"type":"response","delta":"评"}

event:message
data:{"type":"response","delta":"分"}

event:message
data:{"type":"response","delta":"加"}

event:message
data:{"type":"response","delta":"权"}

event:message
data:{"type":"response","delta":"平"}

event:message
data:{"type":"response","delta":"均"}

event:message
data:{"type":"response","delta":"（"}

event:message
data:{"type":"response","delta":"如"}

event:message
data:{"type":"response","delta":"需"}

event:message
data:{"type":"response","delta":"求"}

event:message
data:{"type":"response","delta":"分"}

event:message
data:{"type":"response","delta":"析"}

event:message
data:{"type":"response","delta":"3"}

event:message
data:{"type":"response","delta":"0"}

event:message
data:{"type":"response","delta":"%"}

event:message
data:{"type":"response","delta":"，"}

event:message
data:{"type":"response","delta":"设"}

event:message
data:{"type":"response","delta":"计"}

event:message
data:{"type":"response","delta":"4"}

event:message
data:{"type":"response","delta":"0"}

event:message
data:{"type":"response","delta":"%"}

event:message
data:{"type":"response","delta":"，"}

event:message
data:{"type":"response","delta":"测"}

event:message
data:{"type":"response","delta":"试"}

event:message
data:{"type":"response","delta":"3"}

event:message
data:{"type":"response","delta":"0"}

event:message
data:{"type":"response","delta":"%"}

event:message
data:{"type":"response","delta":"）"}

event:message
data:{"type":"response","delta":"`"}

event:message
data:{"type":"response","delta":"-"}

event:message
data:{"type":"response","delta":"-"}

event:message
data:{"type":"response","delta":"-"}

event:message
data:{"type":"response","delta":"\n"}

event:message
data:{"type":"response","delta":"\n"}

event:message
data:{"type":"response","delta":"#"}

event:message
data:{"type":"response","delta":"#"}

event:message
data:{"type":"response","delta":"#"}

event:message
data:{"type":"response","delta":" "}

event:message
data:{"type":"response","delta":"*"}

event:message
data:{"type":"response","delta":"*"}

event:message
data:{"type":"response","delta":"R"}

event:message
data:{"type":"response","delta":"e"}

event:message
data:{"type":"response","delta":"r"}

event:message
data:{"type":"response","delta":"a"}

event:message
data:{"type":"response","delta":"n"}

event:message
data:{"type":"response","delta":"k"}

event:message
data:{"type":"response","delta":" "}

event:message
data:{"type":"response","delta":"流"}

event:message
data:{"type":"response","delta":"程"}

event:message
data:{"type":"response","delta":"计"}

event:message
data:{"type":"response","delta":"算"}

event:message
data:{"type":"response","delta":"逻"}

event:message
data:{"type":"response","delta":"辑"}

event:message
data:{"type":"response","delta":"*"}

event:message
data:{"type":"response","delta":"*"}

event:message
data:{"type":"response","delta":"\n"}

event:message
data:{"type":"response","delta":"1"}

event:message
data:{"type":"response","delta":"."}

event:message
data:{"type":"response","delta":" "}

event:message
data:{"type":"response","delta":"*"}

event:message
data:{"type":"response","delta":"*"}

event:message
data:{"type":"response","delta":"数"}

event:message
data:{"type":"response","delta":"据"}

event:message
data:{"type":"response","delta":"准"}

event:message
data:{"type":"response","delta":"备"}

event:message
data:{"type":"response","delta":"阶"}

event:message
data:{"type":"response","delta":"段"}

event:message
data:{"type":"response","delta":"*"}

event:message
data:{"type":"response","delta":"*"}

event:message
data:{"type":"response","delta":" "}

event:message
data:{"type":"response","delta":"-"}

event:message
data:{"type":"response","delta":" "}

event:message
data:{"type":"response","delta":"数"}

event:message
data:{"type":"response","delta":"据"}

event:message
data:{"type":"response","delta":"清"}

event:message
data:{"type":"response","delta":"洗"}

event:message
data:{"type":"response","delta":"率"}

event:message
data:{"type":"response","delta":"计"}

event:message
data:{"type":"response","delta":"算"}

event:message
data:{"type":"response","delta":"："}

event:message
data:{"type":"response","delta":"`"}

event:message
data:{"type":"response","delta":"清"}

event:message
data:{"type":"response","delta":"洗"}

event:message
data:{"type":"response","delta":"率"}

event:message
data:{"type":"response","delta":" "}

event:message
data:{"type":"response","delta":"="}

event:message
data:{"type":"response","delta":" "}

event:message
data:{"type":"response","delta":"("}

event:message
data:{"type":"response","delta":"有"}

event:message
data:{"type":"response","delta":"效"}

event:message
data:{"type":"response","delta":"数"}

event:message
data:{"type":"response","delta":"据"}

event:message
data:{"type":"response","delta":"量"}

event:message
data:{"type":"response","delta":")"}

event:message
data:{"type":"response","delta":" "}

event:message
data:{"type":"response","delta":"/"}

event:message
data:{"type":"response","delta":" "}

event:message
data:{"type":"response","delta":"总"}

event:message
data:{"type":"response","delta":"数"}

event:message
data:{"type":"response","delta":"据"}

event:message
data:{"type":"response","delta":"量"}

event:message
data:{"type":"response","delta":" "}

event:message
data:{"type":"response","delta":"×"}

event:message
data:{"type":"response","delta":"1"}

event:message
data:{"type":"response","delta":"0"}

event:message
data:{"type":"response","delta":"0"}

event:message
data:{"type":"response","delta":"%"}

event:message
data:{"type":"response","delta":"`"}

event:message
data:{"type":"response","delta":" "}

event:message
data:{"type":"response","delta":"-"}

event:message
data:{"type":"response","delta":" "}

event:message
data:{"type":"response","delta":"特"}

event:message
data:{"type":"response","delta":"征"}

event:message
data:{"type":"response","delta":"重"}

event:message
data:{"type":"response","delta":"要"}

event:message
data:{"type":"response","delta":"性"}

event:message
data:{"type":"response","delta":"排"}

event:message
data:{"type":"response","delta":"序"}

event:message
data:{"type":"response","delta":"："}

event:message
data:{"type":"response","delta":"通"}

event:message
data:{"type":"response","delta":"过"}

event:message
data:{"type":"response","delta":"信"}

event:message
data:{"type":"response","delta":"息"}

event:message
data:{"type":"response","delta":"增"}

event:message
data:{"type":"response","delta":"益"}

event:message
data:{"type":"response","delta":"或"}

event:message
data:{"type":"response","delta":"卡"}

event:message
data:{"type":"response","delta":"方"}

event:message
data:{"type":"response","delta":"检"}

event:message
data:{"type":"response","delta":"验"}

event:message
data:{"type":"response","delta":"确"}

event:message
data:{"type":"response","delta":"定"}

event:message
data:{"type":"response","delta":"特"}

event:message
data:{"type":"response","delta":"征"}

event:message
data:{"type":"response","delta":"权"}

event:message
data:{"type":"response","delta":"重"}

event:message
data:{"type":"response","delta":"2"}

event:message
data:{"type":"response","delta":"."}

event:message
data:{"type":"response","delta":" "}

event:message
data:{"type":"response","delta":"*"}

event:message
data:{"type":"response","delta":"*"}

event:message
data:{"type":"response","delta":"模"}

event:message
data:{"type":"response","delta":"型"}

event:message
data:{"type":"response","delta":"训"}

event:message
data:{"type":"response","delta":"练"}

event:message
data:{"type":"response","delta":"阶"}

event:message
data:{"type":"response","delta":"段"}

event:message
data:{"type":"response","delta":"*"}

event:message
data:{"type":"response","delta":"*"}

event:message
data:{"type":"response","delta":" "}

event:message
data:{"type":"response","delta":"-"}

event:message
data:{"type":"response","delta":" "}

event:message
data:{"type":"response","delta":"模"}

event:message
data:{"type":"response","delta":"型"}

event:message
data:{"type":"response","delta":"性"}

event:message
data:{"type":"response","delta":"能"}

event:message
data:{"type":"response","delta":"指"}

event:message
data:{"type":"response","delta":"标"}

event:message
data:{"type":"response","delta":"："}

event:message
data:{"type":"response","delta":" "}

event:message
data:{"type":"response","delta":"-"}

event:message
data:{"type":"response","delta":" "}

event:message
data:{"type":"response","delta":"准"}

event:message
data:{"type":"response","delta":"确"}

event:message
data:{"type":"response","delta":"率"}

event:message
data:{"type":"response","delta":"："}

event:message
data:{"type":"response","delta":"`"}

event:message
data:{"type":"response","delta":"准"}

event:message
data:{"type":"response","delta":"确"}

event:message
data:{"type":"response","delta":"率"}

event:message
data:{"type":"response","delta":" "}

event:message
data:{"type":"response","delta":"="}

event:message
data:{"type":"response","delta":" "}

event:message
data:{"type":"response","delta":"正"}

event:message
data:{"type":"response","delta":"确"}

event:message
data:{"type":"response","delta":"预"}

event:message
data:{"type":"response","delta":"测"}

event:message
data:{"type":"response","delta":"数"}

event:message
data:{"type":"response","delta":" "}

event:message
data:{"type":"response","delta":"/"}

event:message
data:{"type":"response","delta":" "}

event:message
data:{"type":"response","delta":"总"}

event:message
data:{"type":"response","delta":"预"}

event:message
data:{"type":"response","delta":"测"}

event:message
data:{"type":"response","delta":"数"}

event:message
data:{"type":"response","delta":"`"}

event:message
data:{"type":"response","delta":" "}

event:message
data:{"type":"response","delta":"-"}

event:message
data:{"type":"response","delta":" "}

event:message
data:{"type":"response","delta":"F"}

event:message
data:{"type":"response","delta":"1"}

event:message
data:{"type":"response","delta":" "}

event:message
data:{"type":"response","delta":"分"}

event:message
data:{"type":"response","delta":"数"}

event:message
data:{"type":"response","delta":"："}

event:message
data:{"type":"response","delta":"`"}

event:message
data:{"type":"response","delta":"F"}

event:message
data:{"type":"response","delta":"1"}

event:message
data:{"type":"response","delta":" "}

event:message
data:{"type":"response","delta":"="}

event:message
data:{"type":"response","delta":"2"}

event:message
data:{"type":"response","delta":" "}

event:message
data:{"type":"response","delta":"×"}

event:message
data:{"type":"response","delta":" "}

event:message
data:{"type":"response","delta":"("}

event:message
data:{"type":"response","delta":"精"}

event:message
data:{"type":"response","delta":"确"}

event:message
data:{"type":"response","delta":"率"}

event:message
data:{"type":"response","delta":" "}

event:message
data:{"type":"response","delta":"×"}

event:message
data:{"type":"response","delta":" "}

event:message
data:{"type":"response","delta":"召"}

event:message
data:{"type":"response","delta":"回"}

event:message
data:{"type":"response","delta":"率"}

event:message
data:{"type":"response","delta":")"}

event:message
data:{"type":"response","delta":" "}

event:message
data:{"type":"response","delta":"/"}

event:message
data:{"type":"response","delta":" "}

event:message
data:{"type":"response","delta":"("}

event:message
data:{"type":"response","delta":"精"}

event:message
data:{"type":"response","delta":"确"}

event:message
data:{"type":"response","delta":"率"}

event:message
data:{"type":"response","delta":" "}

event:message
data:{"type":"response","delta":"+"}

event:message
data:{"type":"response","delta":" "}

event:message
data:{"type":"response","delta":"召"}

event:message
data:{"type":"response","delta":"回"}

event:message
data:{"type":"response","delta":"率"}

event:message
data:{"type":"response","delta":")"}

event:message
data:{"type":"response","delta":"`"}

event:message
data:{"type":"response","delta":"3"}

event:message
data:{"type":"response","delta":"."}

event:message
data:{"type":"response","delta":" "}

event:message
data:{"type":"response","delta":"*"}

event:message
data:{"type":"response","delta":"*"}

event:message
data:{"type":"response","delta":"评"}

event:message
data:{"type":"response","delta":"估"}

event:message
data:{"type":"response","delta":"优"}

event:message
data:{"type":"response","delta":"化"}

event:message
data:{"type":"response","delta":"阶"}

event:message
data:{"type":"response","delta":"段"}

event:message
data:{"type":"response","delta":"*"}

event:message
data:{"type":"response","delta":"*"}

event:message
data:{"type":"response","delta":" "}

event:message
data:{"type":"response","delta":"-"}

event:message
data:{"type":"response","delta":" "}

event:message
data:{"type":"response","delta":"模"}

event:message
data:{"type":"response","delta":"型"}

event:message
data:{"type":"response","delta":"迭"}

event:message
data:{"type":"response","delta":"代"}

event:message
data:{"type":"response","delta":"优"}

event:message
data:{"type":"response","delta":"化"}

event:message
data:{"type":"response","delta":"："}

event:message
data:{"type":"response","delta":"通"}

event:message
data:{"type":"response","delta":"过"}

event:message
data:{"type":"response","delta":" "}

event:message
data:{"type":"response","delta":"A"}

event:message
data:{"type":"response","delta":"/"}

event:message
data:{"type":"response","delta":"B"}

event:message
data:{"type":"response","delta":" "}

event:message
data:{"type":"response","delta":"测"}

event:message
data:{"type":"response","delta":"试"}

event:message
data:{"type":"response","delta":"对"}

event:message
data:{"type":"response","delta":"比"}

event:message
data:{"type":"response","delta":"不"}

event:message
data:{"type":"response","delta":"同"}

event:message
data:{"type":"response","delta":"参"}

event:message
data:{"type":"response","delta":"数"}

event:message
data:{"type":"response","delta":"组"}

event:message
data:{"type":"response","delta":"合"}

event:message
data:{"type":"response","delta":"的"}

event:message
data:{"type":"response","delta":"性"}

event:message
data:{"type":"response","delta":"能"}

event:message
data:{"type":"response","delta":"差"}

event:message
data:{"type":"response","delta":"异"}

event:message
data:{"type":"response","delta":" "}

event:message
data:{"type":"response","delta":"-"}

event:message
data:{"type":"response","delta":" "}

event:message
data:{"type":"response","delta":"损"}

event:message
data:{"type":"response","delta":"失"}

event:message
data:{"type":"response","delta":"函"}

event:message
data:{"type":"response","delta":"数"}

event:message
data:{"type":"response","delta":"计"}

event:message
data:{"type":"response","delta":"算"}

event:message
data:{"type":"response","delta":"："}

event:message
data:{"type":"response","delta":"根"}

event:message
data:{"type":"response","delta":"据"}

event:message
data:{"type":"response","delta":"具"}

event:message
data:{"type":"response","delta":"体"}

event:message
data:{"type":"response","delta":"任"}

event:message
data:{"type":"response","delta":"务"}

event:message
data:{"type":"response","delta":"（"}

event:message
data:{"type":"response","delta":"如"}

event:message
data:{"type":"response","delta":"分"}

event:message
data:{"type":"response","delta":"类"}

event:message
data:{"type":"response","delta":"/"}

event:message
data:{"type":"response","delta":"回"}

event:message
data:{"type":"response","delta":"归"}

event:message
data:{"type":"response","delta":"）"}

event:message
data:{"type":"response","delta":"选"}

event:message
data:{"type":"response","delta":"择"}

event:message
data:{"type":"response","delta":"对"}

event:message
data:{"type":"response","delta":"应"}

event:message
data:{"type":"response","delta":"损"}

event:message
data:{"type":"response","delta":"失"}

event:message
data:{"type":"response","delta":"函"}

event:message
data:{"type":"response","delta":"数"}

event:message
data:{"type":"response","delta":"（"}

event:message
data:{"type":"response","delta":"如"}

event:message
data:{"type":"response","delta":"交"}

event:message
data:{"type":"response","delta":"叉"}

event:message
data:{"type":"response","delta":"熵"}

event:message
data:{"type":"response","delta":"、"}

event:message
data:{"type":"response","delta":"均"}

event:message
data:{"type":"response","delta":"方"}

event:message
data:{"type":"response","delta":"误"}

event:message
data:{"type":"response","delta":"差"}

event:message
data:{"type":"response","delta":"）"}

event:message
data:{"type":"response","delta":"4"}

event:message
data:{"type":"response","delta":"."}

event:message
data:{"type":"response","delta":" "}

event:message
data:{"type":"response","delta":"*"}

event:message
data:{"type":"response","delta":"*"}

event:message
data:{"type":"response","delta":"结"}

event:message
data:{"type":"response","delta":"果"}

event:message
data:{"type":"response","delta":"输"}

event:message
data:{"type":"response","delta":"出"}

event:message
data:{"type":"response","delta":"阶"}

event:message
data:{"type":"response","delta":"段"}

event:message
data:{"type":"response","delta":"*"}

event:message
data:{"type":"response","delta":"*"}

event:message
data:{"type":"response","delta":" "}

event:message
data:{"type":"response","delta":"-"}

event:message
data:{"type":"response","delta":" "}

event:message
data:{"type":"response","delta":"排"}

event:message
data:{"type":"response","delta":"序"}

event:message
data:{"type":"response","delta":"置"}

event:message
data:{"type":"response","delta":"信"}

event:message
data:{"type":"response","delta":"度"}

event:message
data:{"type":"response","delta":"："}

event:message
data:{"type":"response","delta":"`"}

event:message
data:{"type":"response","delta":"置"}

event:message
data:{"type":"response","delta":"信"}

event:message
data:{"type":"response","delta":"度"}

event:message
data:{"type":"response","delta":" "}

event:message
data:{"type":"response","delta":"="}

event:message
data:{"type":"response","delta":" "}

event:message
data:{"type":"response","delta":"模"}

event:message
data:{"type":"response","delta":"型"}

event:message
data:{"type":"response","delta":"预"}

event:message
data:{"type":"response","delta":"测"}

event:message
data:{"type":"response","delta":"概"}

event:message
data:{"type":"response","delta":"率"}

event:message
data:{"type":"response","delta":" "}

event:message
data:{"type":"response","delta":"×"}

event:message
data:{"type":"response","delta":" "}

event:message
data:{"type":"response","delta":"权"}

event:message
data:{"type":"response","delta":"重"}

event:message
data:{"type":"response","delta":"（"}

event:message
data:{"type":"response","delta":"如"}

event:message
data:{"type":"response","delta":"高"}

event:message
data:{"type":"response","delta":"置"}

event:message
data:{"type":"response","delta":"信"}

event:message
data:{"type":"response","delta":"度"}

event:message
data:{"type":"response","delta":"阈"}

event:message
data:{"type":"response","delta":"值"}

event:message
data:{"type":"response","delta":"0"}

event:message
data:{"type":"response","delta":"."}

event:message
data:{"type":"response","delta":"9"}

event:message
data:{"type":"response","delta":"）"}

event:message
data:{"type":"response","delta":"`"}

event:message
data:{"type":"response","delta":" "}

event:message
data:{"type":"response","delta":"-"}

event:message
data:{"type":"response","delta":" "}

event:message
data:{"type":"response","delta":"最"}

event:message
data:{"type":"response","delta":"终"}

event:message
data:{"type":"response","delta":"排"}

event:message
data:{"type":"response","delta":"名"}

event:message
data:{"type":"response","delta":"："}

event:message
data:{"type":"response","delta":"按"}

event:message
data:{"type":"response","delta":"置"}

event:message
data:{"type":"response","delta":"信"}

event:message
data:{"type":"response","delta":"度"}

event:message
data:{"type":"response","delta":"降"}

event:message
data:{"type":"response","delta":"序"}

event:message
data:{"type":"response","delta":"排"}

event:message
data:{"type":"response","delta":"列"}

event:message
data:{"type":"response","delta":"，"}

event:message
data:{"type":"response","delta":"相"}

event:message
data:{"type":"response","delta":"同"}

event:message
data:{"type":"response","delta":"置"}

event:message
data:{"type":"response","delta":"信"}

event:message
data:{"type":"response","delta":"度"}

event:message
data:{"type":"response","delta":"按"}

event:message
data:{"type":"response","delta":"随"}

event:message
data:{"type":"response","delta":"机"}

event:message
data:{"type":"response","delta":"排"}

event:message
data:{"type":"response","delta":"序"}

event:message
data:{"type":"response","delta":"-"}

event:message
data:{"type":"response","delta":"-"}

event:message
data:{"type":"response","delta":"-"}

event:message
data:{"type":"response","delta":"\n"}

event:message
data:{"type":"response","delta":"\n"}

event:message
data:{"type":"response","delta":"#"}

event:message
data:{"type":"response","delta":"#"}

event:message
data:{"type":"response","delta":"#"}

event:message
data:{"type":"response","delta":" "}

event:message
data:{"type":"response","delta":"*"}

event:message
data:{"type":"response","delta":"*"}

event:message
data:{"type":"response","delta":"注"}

event:message
data:{"type":"response","delta":"意"}

event:message
data:{"type":"response","delta":"事"}

event:message
data:{"type":"response","delta":"项"}

event:message
data:{"type":"response","delta":"*"}

event:message
data:{"type":"response","delta":"*"}

event:message
data:{"type":"response","delta":"\n"}

event:message
data:{"type":"response","delta":"-"}

event:message
data:{"type":"response","delta":" "}

event:message
data:{"type":"response","delta":"文"}

event:message
data:{"type":"response","delta":"档"}

event:message
data:{"type":"response","delta":"中"}

event:message
data:{"type":"response","delta":"未"}

event:message
data:{"type":"response","delta":"明"}

event:message
data:{"type":"response","delta":"确"}

event:message
data:{"type":"response","delta":"提"}

event:message
data:{"type":"response","delta":"及"}

event:message
data:{"type":"response","delta":"具"}

event:message
data:{"type":"response","delta":"体"}

event:message
data:{"type":"response","delta":"的"}

event:message
data:{"type":"response","delta":"数"}

event:message
data:{"type":"response","delta":"值"}

event:message
data:{"type":"response","delta":"公"}

event:message
data:{"type":"response","delta":"式"}

event:message
data:{"type":"response","delta":"或"}

event:message
data:{"type":"response","delta":"参"}

event:message
data:{"type":"response","delta":"数"}

event:message
data:{"type":"response","delta":"权"}

event:message
data:{"type":"response","delta":"重"}

event:message
data:{"type":"response","delta":"，"}

event:message
data:{"type":"response","delta":"上"}

event:message
data:{"type":"response","delta":"述"}

event:message
data:{"type":"response","delta":"逻"}

event:message
data:{"type":"response","delta":"辑"}

event:message
data:{"type":"response","delta":"基"}

event:message
data:{"type":"response","delta":"于"}

event:message
data:{"type":"response","delta":"流"}

event:message
data:{"type":"response","delta":"程"}

event:message
data:{"type":"response","delta":"阶"}

event:message
data:{"type":"response","delta":"段"}

event:message
data:{"type":"response","delta":"的"}

event:message
data:{"type":"response","delta":"通"}

event:message
data:{"type":"response","delta":"用"}

event:message
data:{"type":"response","delta":"计"}

event:message
data:{"type":"response","delta":"算"}

event:message
data:{"type":"response","delta":"方"}

event:message
data:{"type":"response","delta":"法"}

event:message
data:{"type":"response","delta":"推"}

event:message
data:{"type":"response","delta":"测"}

event:message
data:{"type":"response","delta":"。"}

event:message
data:{"type":"response","delta":"-"}

event:message
data:{"type":"response","delta":" "}

event:message
data:{"type":"response","delta":"若"}

event:message
data:{"type":"response","delta":"需"}

event:message
data:{"type":"response","delta":"更"}

event:message
data:{"type":"response","delta":"精"}

event:message
data:{"type":"response","delta":"确"}

event:message
data:{"type":"response","delta":"的"}

event:message
data:{"type":"response","delta":"计"}

event:message
data:{"type":"response","delta":"算"}

event:message
data:{"type":"response","delta":"规"}

event:message
data:{"type":"response","delta":"则"}

event:message
data:{"type":"response","delta":"，"}

event:message
data:{"type":"response","delta":"建"}

event:message
data:{"type":"response","delta":"议"}

event:message
data:{"type":"response","delta":"联"}

event:message
data:{"type":"response","delta":"系"}

event:message
data:{"type":"response","delta":"项"}

event:message
data:{"type":"response","delta":"目"}

event:message
data:{"type":"response","delta":"负"}

event:message
data:{"type":"response","delta":"责"}

event:message
data:{"type":"response","delta":"人"}

event:message
data:{"type":"response","delta":"或"}

event:message
data:{"type":"response","delta":"参"}

event:message
data:{"type":"response","delta":"考"}

event:message
data:{"type":"response","delta":"配"}

event:message
data:{"type":"response","delta":"套"}

event:message
data:{"type":"response","delta":"的"}

event:message
data:{"type":"response","delta":"计"}

event:message
data:{"type":"response","delta":"算"}

event:message
data:{"type":"response","delta":"文"}

event:message
data:{"type":"response","delta":"档"}

event:message
data:{"type":"response","delta":"。"}

event:message
data:{"type":"response","delta":">"}

event:message
data:{"type":"response","delta":"未"}

event:message
data:{"type":"response","delta":"检"}

event:message
data:{"type":"response","delta":"索"}

event:message
data:{"type":"response","delta":"到"}

event:message
data:{"type":"response","delta":"与"}

event:message
data:{"type":"response","delta":"问"}

event:message
data:{"type":"response","delta":"题"}

event:message
data:{"type":"response","delta":"相"}

event:message
data:{"type":"response","delta":"关"}

event:message
data:{"type":"response","delta":"的"}

event:message
data:{"type":"response","delta":"文"}

event:message
data:{"type":"response","delta":"档"}

event:message
data:{"type":"response","delta":"内"}

event:message
data:{"type":"response","delta":"容"}

event:message
data:{"type":"response","delta":"。"}

event:finish
data:{"title":"新对话"}

event:done
data:[DONE]

