event:meta
data:{"conversationId":"resume-bench-4-32d8679a","taskId":"2034852556638834689"}

event:message
data:{"type":"response","delta":"#"}

event:message
data:{"type":"response","delta":"#"}

event:message
data:{"type":"response","delta":" "}

event:message
data:{"type":"response","delta":"双"}

event:message
data:{"type":"response","delta":"重"}

event:message
data:{"type":"response","delta":"检"}

event:message
data:{"type":"response","delta":"索"}

event:message
data:{"type":"response","delta":"加"}

event:message
data:{"type":"response","delta":"重"}

event:message
data:{"type":"response","delta":"排"}

event:message
data:{"type":"response","delta":"管"}

event:message
data:{"type":"response","delta":"道"}

event:message
data:{"type":"response","delta":"的"}

event:message
data:{"type":"response","delta":"核"}

event:message
data:{"type":"response","delta":"心"}

event:message
data:{"type":"response","delta":"思"}

event:message
data:{"type":"response","delta":"想"}

event:message
data:{"type":"response","delta":"#"}

event:message
data:{"type":"response","delta":"#"}

event:message
data:{"type":"response","delta":"#"}

event:message
data:{"type":"response","delta":"一"}

event:message
data:{"type":"response","delta":"、"}

event:message
data:{"type":"response","delta":"双"}

event:message
data:{"type":"response","delta":"重"}

event:message
data:{"type":"response","delta":"检"}

event:message
data:{"type":"response","delta":"索"}

event:message
data:{"type":"response","delta":"机"}

event:message
data:{"type":"response","delta":"制"}

event:message
data:{"type":"response","delta":"1"}

event:message
data:{"type":"response","delta":"."}

event:message
data:{"type":"response","delta":" "}

event:message
data:{"type":"response","delta":"*"}

event:message
data:{"type":"response","delta":"*"}

event:message
data:{"type":"response","delta":"多"}

event:message
data:{"type":"response","delta":"模"}

event:message
data:{"type":"response","delta":"型"}

event:message
data:{"type":"response","delta":"并"}

event:message
data:{"type":"response","delta":"行"}

event:message
data:{"type":"response","delta":"检"}

event:message
data:{"type":"response","delta":"索"}

event:message
data:{"type":"response","delta":"*"}

event:message
data:{"type":"response","delta":"*"}

event:message
data:{"type":"response","delta":" "}

event:message
data:{"type":"response","delta":"-"}

event:message
data:{"type":"response","delta":"采"}

event:message
data:{"type":"response","delta":"用"}

event:message
data:{"type":"response","delta":"两"}

event:message
data:{"type":"response","delta":"个"}

event:message
data:{"type":"response","delta":"独"}

event:message
data:{"type":"response","delta":"立"}

event:message
data:{"type":"response","delta":"的"}

event:message
data:{"type":"response","delta":"检"}

event:message
data:{"type":"response","delta":"索"}

event:message
data:{"type":"response","delta":"模"}

event:message
data:{"type":"response","delta":"型"}

event:message
data:{"type":"response","delta":"（"}

event:message
data:{"type":"response","delta":"如"}

event:message
data:{"type":"response","delta":"传"}

event:message
data:{"type":"response","delta":"统"}

event:message
data:{"type":"response","delta":"B"}

event:message
data:{"type":"response","delta":"M"}

event:message
data:{"type":"response","delta":"2"}

event:message
data:{"type":"response","delta":"5"}

event:message
data:{"type":"response","delta":"和"}

event:message
data:{"type":"response","delta":"深"}

event:message
data:{"type":"response","delta":"度"}

event:message
data:{"type":"response","delta":"学"}

event:message
data:{"type":"response","delta":"习"}

event:message
data:{"type":"response","delta":"模"}

event:message
data:{"type":"response","delta":"型"}

event:message
data:{"type":"response","delta":"）"}

event:message
data:{"type":"response","delta":"同"}

event:message
data:{"type":"response","delta":"时"}

event:message
data:{"type":"response","delta":"处"}

event:message
data:{"type":"response","delta":"理"}

event:message
data:{"type":"response","delta":"查"}

event:message
data:{"type":"response","delta":"询"}

event:message
data:{"type":"response","delta":" "}

event:message
data:{"type":"response","delta":"-"}

event:message
data:{"type":"response","delta":"传"}

event:message
data:{"type":"response","delta":"统"}

event:message
data:{"type":"response","delta":"模"}

event:message
data:{"type":"response","delta":"型"}

event:message
data:{"type":"response","delta":"负"}

event:message
data:{"type":"response","delta":"责"}

event:message
data:{"type":"response","delta":"基"}

event:message
data:{"type":"response","delta":"础"}

event:message
data:{"type":"response","delta":"召"}

event:message
data:{"type":"response","delta":"回"}

event:message
data:{"type":"response","delta":"（"}

event:message
data:{"type":"response","delta":"如"}

event:message
data:{"type":"response","delta":"T"}

event:message
data:{"type":"response","delta":"F"}

event:message
data:{"type":"response","delta":"-"}

event:message
data:{"type":"response","delta":"I"}

event:message
data:{"type":"response","delta":"D"}

event:message
data:{"type":"response","delta":"F"}

event:message
data:{"type":"response","delta":"、"}

event:message
data:{"type":"response","delta":"向"}

event:message
data:{"type":"response","delta":"量"}

event:message
data:{"type":"response","delta":"相"}

event:message
data:{"type":"response","delta":"似"}

event:message
data:{"type":"response","delta":"度"}

event:message
data:{"type":"response","delta":"）"}

event:message
data:{"type":"response","delta":"\n"}

event:message
data:{"type":"response","delta":" "}

event:message
data:{"type":"response","delta":"-"}

event:message
data:{"type":"response","delta":" "}

event:message
data:{"type":"response","delta":"深"}

event:message
data:{"type":"response","delta":"度"}

event:message
data:{"type":"response","delta":"模"}

event:message
data:{"type":"response","delta":"型"}

event:message
data:{"type":"response","delta":"捕"}

event:message
data:{"type":"response","delta":"捉"}

event:message
data:{"type":"response","delta":"语"}

event:message
data:{"type":"response","delta":"义"}

event:message
data:{"type":"response","delta":"关"}

event:message
data:{"type":"response","delta":"系"}

event:message
data:{"type":"response","delta":"（"}

event:message
data:{"type":"response","delta":"如"}

event:message
data:{"type":"response","delta":"B"}

event:message
data:{"type":"response","delta":"E"}

event:message
data:{"type":"response","delta":"R"}

event:message
data:{"type":"response","delta":"T"}

event:message
data:{"type":"response","delta":"、"}

event:message
data:{"type":"response","delta":"S"}

event:message
data:{"type":"response","delta":"e"}

event:message
data:{"type":"response","delta":"n"}

event:message
data:{"type":"response","delta":"t"}

event:message
data:{"type":"response","delta":"e"}

event:message
data:{"type":"response","delta":"n"}

event:message
data:{"type":"response","delta":"c"}

event:message
data:{"type":"response","delta":"e"}

event:message
data:{"type":"response","delta":"-"}

event:message
data:{"type":"response","delta":"B"}

event:message
data:{"type":"response","delta":"E"}

event:message
data:{"type":"response","delta":"R"}

event:message
data:{"type":"response","delta":"T"}

event:message
data:{"type":"response","delta":"）"}

event:message
data:{"type":"response","delta":"\n"}

event:message
data:{"type":"response","delta":"\n"}

event:message
data:{"type":"response","delta":"2"}

event:message
data:{"type":"response","delta":"."}

event:message
data:{"type":"response","delta":" "}

event:message
data:{"type":"response","delta":"*"}

event:message
data:{"type":"response","delta":"*"}

event:message
data:{"type":"response","delta":"结"}

event:message
data:{"type":"response","delta":"果"}

event:message
data:{"type":"response","delta":"融"}

event:message
data:{"type":"response","delta":"合"}

event:message
data:{"type":"response","delta":"策"}

event:message
data:{"type":"response","delta":"略"}

event:message
data:{"type":"response","delta":"*"}

event:message
data:{"type":"response","delta":"*"}

event:message
data:{"type":"response","delta":" "}

event:message
data:{"type":"response","delta":"-"}

event:message
data:{"type":"response","delta":"通"}

event:message
data:{"type":"response","delta":"过"}

event:message
data:{"type":"response","delta":"交"}

event:message
data:{"type":"response","delta":"叉"}

event:message
data:{"type":"response","delta":"验"}

event:message
data:{"type":"response","delta":"证"}

event:message
data:{"type":"response","delta":"或"}

event:message
data:{"type":"response","delta":"加"}

event:message
data:{"type":"response","delta":"权"}

event:message
data:{"type":"response","delta":"融"}

event:message
data:{"type":"response","delta":"合"}

event:message
data:{"type":"response","delta":"方"}

event:message
data:{"type":"response","delta":"式"}

event:message
data:{"type":"response","delta":"整"}

event:message
data:{"type":"response","delta":"合"}

event:message
data:{"type":"response","delta":"两"}

event:message
data:{"type":"response","delta":"个"}

event:message
data:{"type":"response","delta":"模"}

event:message
data:{"type":"response","delta":"型"}

event:message
data:{"type":"response","delta":"的"}

event:message
data:{"type":"response","delta":"输"}

event:message
data:{"type":"response","delta":"出"}

event:message
data:{"type":"response","delta":" "}

event:message
data:{"type":"response","delta":"-"}

event:message
data:{"type":"response","delta":"保"}

event:message
data:{"type":"response","delta":"留"}

event:message
data:{"type":"response","delta":"高"}

event:message
data:{"type":"response","delta":"召"}

event:message
data:{"type":"response","delta":"回"}

event:message
data:{"type":"response","delta":"率"}

event:message
data:{"type":"response","delta":"的"}

event:message
data:{"type":"response","delta":"候"}

event:message
data:{"type":"response","delta":"选"}

event:message
data:{"type":"response","delta":"集"}

event:message
data:{"type":"response","delta":"（"}

event:message
data:{"type":"response","delta":"传"}

event:message
data:{"type":"response","delta":"统"}

event:message
data:{"type":"response","delta":"模"}

event:message
data:{"type":"response","delta":"型"}

event:message
data:{"type":"response","delta":"）"}

event:message
data:{"type":"response","delta":"和"}

event:message
data:{"type":"response","delta":"高"}

event:message
data:{"type":"response","delta":"相"}

event:message
data:{"type":"response","delta":"关"}

event:message
data:{"type":"response","delta":"性"}

event:message
data:{"type":"response","delta":"的"}

event:message
data:{"type":"response","delta":"结"}

event:message
data:{"type":"response","delta":"果"}

event:message
data:{"type":"response","delta":"（"}

event:message
data:{"type":"response","delta":"深"}

event:message
data:{"type":"response","delta":"度"}

event:message
data:{"type":"response","delta":"模"}

event:message
data:{"type":"response","delta":"型"}

event:message
data:{"type":"response","delta":"）"}

event:message
data:{"type":"response","delta":"\n"}

event:message
data:{"type":"response","delta":"\n"}

event:message
data:{"type":"response","delta":"#"}

event:message
data:{"type":"response","delta":"#"}

event:message
data:{"type":"response","delta":"#"}

event:message
data:{"type":"response","delta":"二"}

event:message
data:{"type":"response","delta":"、"}

event:message
data:{"type":"response","delta":"重"}

event:message
data:{"type":"response","delta":"排"}

event:message
data:{"type":"response","delta":"阶"}

event:message
data:{"type":"response","delta":"段"}

event:message
data:{"type":"response","delta":"优"}

event:message
data:{"type":"response","delta":"化"}

event:message
data:{"type":"response","delta":"1"}

event:message
data:{"type":"response","delta":"."}

event:message
data:{"type":"response","delta":" "}

event:message
data:{"type":"response","delta":"*"}

event:message
data:{"type":"response","delta":"*"}

event:message
data:{"type":"response","delta":"上"}

event:message
data:{"type":"response","delta":"下"}

event:message
data:{"type":"response","delta":"文"}

event:message
data:{"type":"response","delta":"感"}

event:message
data:{"type":"response","delta":"知"}

event:message
data:{"type":"response","delta":"排"}

event:message
data:{"type":"response","delta":"序"}

event:message
data:{"type":"response","delta":"*"}

event:message
data:{"type":"response","delta":"*"}

event:message
data:{"type":"response","delta":" "}

event:message
data:{"type":"response","delta":"-"}

event:message
data:{"type":"response","delta":" "}

event:message
data:{"type":"response","delta":"使"}

event:message
data:{"type":"response","delta":"用"}

event:message
data:{"type":"response","delta":"排"}

event:message
data:{"type":"response","delta":"序"}

event:message
data:{"type":"response","delta":"模"}

event:message
data:{"type":"response","delta":"型"}

event:message
data:{"type":"response","delta":"（"}

event:message
data:{"type":"response","delta":"如"}

event:message
data:{"type":"response","delta":"P"}

event:message
data:{"type":"response","delta":"a"}

event:message
data:{"type":"response","delta":"i"}

event:message
data:{"type":"response","delta":"r"}

event:message
data:{"type":"response","delta":"w"}

event:message
data:{"type":"response","delta":"i"}

event:message
data:{"type":"response","delta":"s"}

event:message
data:{"type":"response","delta":"e"}

event:message
data:{"type":"response","delta":" "}

event:message
data:{"type":"response","delta":"R"}

event:message
data:{"type":"response","delta":"a"}

event:message
data:{"type":"response","delta":"n"}

event:message
data:{"type":"response","delta":"k"}

event:message
data:{"type":"response","delta":"e"}

event:message
data:{"type":"response","delta":"r"}

event:message
data:{"type":"response","delta":"）"}

event:message
data:{"type":"response","delta":"对"}

event:message
data:{"type":"response","delta":"初"}

event:message
data:{"type":"response","delta":"步"}

event:message
data:{"type":"response","delta":"结"}

event:message
data:{"type":"response","delta":"果"}

event:message
data:{"type":"response","delta":"进"}

event:message
data:{"type":"response","delta":"行"}

event:message
data:{"type":"response","delta":"二"}

event:message
data:{"type":"response","delta":"次"}

event:message
data:{"type":"response","delta":"筛"}

event:message
data:{"type":"response","delta":"选"}

event:message
data:{"type":"response","delta":" "}

event:message
data:{"type":"response","delta":"-"}

event:message
data:{"type":"response","delta":" "}

event:message
data:{"type":"response","delta":"考"}

event:message
data:{"type":"response","delta":"虑"}

event:message
data:{"type":"response","delta":"查"}

event:message
data:{"type":"response","delta":"询"}

event:message
data:{"type":"response","delta":"上"}

event:message
data:{"type":"response","delta":"下"}

event:message
data:{"type":"response","delta":"文"}

event:message
data:{"type":"response","delta":"、"}

event:message
data:{"type":"response","delta":"用"}

event:message
data:{"type":"response","delta":"户"}

event:message
data:{"type":"response","delta":"行"}

event:message
data:{"type":"response","delta":"为"}

event:message
data:{"type":"response","delta":"数"}

event:message
data:{"type":"response","delta":"据"}

event:message
data:{"type":"response","delta":"（"}

event:message
data:{"type":"response","delta":"如"}

event:message
data:{"type":"response","delta":"点"}

event:message
data:{"type":"response","delta":"击"}

event:message
data:{"type":"response","delta":"率"}

event:message
data:{"type":"response","delta":"、"}

event:message
data:{"type":"response","delta":"停"}

event:message
data:{"type":"response","delta":"留"}

event:message
data:{"type":"response","delta":"时"}

event:message
data:{"type":"response","delta":"长"}

event:message
data:{"type":"response","delta":"）"}

event:message
data:{"type":"response","delta":"\n"}

event:message
data:{"type":"response","delta":"\n"}

event:message
data:{"type":"response","delta":"2"}

event:message
data:{"type":"response","delta":"."}

event:message
data:{"type":"response","delta":" "}

event:message
data:{"type":"response","delta":"*"}

event:message
data:{"type":"response","delta":"*"}

event:message
data:{"type":"response","delta":"动"}

event:message
data:{"type":"response","delta":"态"}

event:message
data:{"type":"response","delta":"权"}

event:message
data:{"type":"response","delta":"重"}

event:message
data:{"type":"response","delta":"调"}

event:message
data:{"type":"response","delta":"整"}

event:message
data:{"type":"response","delta":"*"}

event:message
data:{"type":"response","delta":"*"}

event:message
data:{"type":"response","delta":" "}

event:message
data:{"type":"response","delta":"-"}

event:message
data:{"type":"response","delta":" "}

event:message
data:{"type":"response","delta":"根"}

event:message
data:{"type":"response","delta":"据"}

event:message
data:{"type":"response","delta":"查"}

event:message
data:{"type":"response","delta":"询"}

event:message
data:{"type":"response","delta":"类"}

event:message
data:{"type":"response","delta":"型"}

event:message
data:{"type":"response","delta":"动"}

event:message
data:{"type":"response","delta":"态"}

event:message
data:{"type":"response","delta":"调"}

event:message
data:{"type":"response","delta":"整"}

event:message
data:{"type":"response","delta":"不"}

event:message
data:{"type":"response","delta":"同"}

event:message
data:{"type":"response","delta":"模"}

event:message
data:{"type":"response","delta":"型"}

event:message
data:{"type":"response","delta":"的"}

event:message
data:{"type":"response","delta":"权"}

event:message
data:{"type":"response","delta":"重"}

event:message
data:{"type":"response","delta":" "}

event:message
data:{"type":"response","delta":"-"}

event:message
data:{"type":"response","delta":" "}

event:message
data:{"type":"response","delta":"对"}

event:message
data:{"type":"response","delta":"长"}

event:message
data:{"type":"response","delta":"尾"}

event:message
data:{"type":"response","delta":"查"}

event:message
data:{"type":"response","delta":"询"}

event:message
data:{"type":"response","delta":"侧"}

event:message
data:{"type":"response","delta":"重"}

event:message
data:{"type":"response","delta":"深"}

event:message
data:{"type":"response","delta":"度"}

event:message
data:{"type":"response","delta":"模"}

event:message
data:{"type":"response","delta":"型"}

event:message
data:{"type":"response","delta":"，"}

event:message
data:{"type":"response","delta":"对"}

event:message
data:{"type":"response","delta":"常"}

event:message
data:{"type":"response","delta":"规"}

event:message
data:{"type":"response","delta":"查"}

event:message
data:{"type":"response","delta":"询"}

event:message
data:{"type":"response","delta":"侧"}

event:message
data:{"type":"response","delta":"重"}

event:message
data:{"type":"response","delta":"传"}

event:message
data:{"type":"response","delta":"统"}

event:message
data:{"type":"response","delta":"模"}

event:message
data:{"type":"response","delta":"型"}

event:message
data:{"type":"response","delta":"#"}

event:message
data:{"type":"response","delta":"#"}

event:message
data:{"type":"response","delta":"#"}

event:message
data:{"type":"response","delta":"三"}

event:message
data:{"type":"response","delta":"、"}

event:message
data:{"type":"response","delta":"核"}

event:message
data:{"type":"response","delta":"心"}

event:message
data:{"type":"response","delta":"价"}

event:message
data:{"type":"response","delta":"值"}

event:message
data:{"type":"response","delta":"-"}

event:message
data:{"type":"response","delta":" "}

event:message
data:{"type":"response","delta":"*"}

event:message
data:{"type":"response","delta":"*"}

event:message
data:{"type":"response","delta":"提"}

event:message
data:{"type":"response","delta":"升"}

event:message
data:{"type":"response","delta":"召"}

event:message
data:{"type":"response","delta":"回"}

event:message
data:{"type":"response","delta":"精"}

event:message
data:{"type":"response","delta":"度"}

event:message
data:{"type":"response","delta":"*"}

event:message
data:{"type":"response","delta":"*"}

event:message
data:{"type":"response","delta":"："}

event:message
data:{"type":"response","delta":"通"}

event:message
data:{"type":"response","delta":"过"}

event:message
data:{"type":"response","delta":"多"}

event:message
data:{"type":"response","delta":"模"}

event:message
data:{"type":"response","delta":"型"}

event:message
data:{"type":"response","delta":"互"}

event:message
data:{"type":"response","delta":"补"}

event:message
data:{"type":"response","delta":"降"}

event:message
data:{"type":"response","delta":"低"}

event:message
data:{"type":"response","delta":"单"}

event:message
data:{"type":"response","delta":"一"}

event:message
data:{"type":"response","delta":"模"}

event:message
data:{"type":"response","delta":"型"}

event:message
data:{"type":"response","delta":"的"}

event:message
data:{"type":"response","delta":"偏"}

event:message
data:{"type":"response","delta":"差"}

event:message
data:{"type":"response","delta":"-"}

event:message
data:{"type":"response","delta":" "}

event:message
data:{"type":"response","delta":"*"}

event:message
data:{"type":"response","delta":"*"}

event:message
data:{"type":"response","delta":"适"}

event:message
data:{"type":"response","delta":"应"}

event:message
data:{"type":"response","delta":"复"}

event:message
data:{"type":"response","delta":"杂"}

event:message
data:{"type":"response","delta":"场"}

event:message
data:{"type":"response","delta":"景"}

event:message
data:{"type":"response","delta":"*"}

event:message
data:{"type":"response","delta":"*"}

event:message
data:{"type":"response","delta":"："}

event:message
data:{"type":"response","delta":"处"}

event:message
data:{"type":"response","delta":"理"}

event:message
data:{"type":"response","delta":"不"}

event:message
data:{"type":"response","delta":"同"}

event:message
data:{"type":"response","delta":"语"}

event:message
data:{"type":"response","delta":"义"}

event:message
data:{"type":"response","delta":"层"}

event:message
data:{"type":"response","delta":"面"}

event:message
data:{"type":"response","delta":"的"}

event:message
data:{"type":"response","delta":"查"}

event:message
data:{"type":"response","delta":"询"}

event:message
data:{"type":"response","delta":"需"}

event:message
data:{"type":"response","delta":"求"}

event:message
data:{"type":"response","delta":"（"}

event:message
data:{"type":"response","delta":"如"}

event:message
data:{"type":"response","delta":"事"}

event:message
data:{"type":"response","delta":"实"}

event:message
data:{"type":"response","delta":"性"}

event:message
data:{"type":"response","delta":"问"}

event:message
data:{"type":"response","delta":"题"}

event:message
data:{"type":"response","delta":" "}

event:message
data:{"type":"response","delta":"v"}

event:message
data:{"type":"response","delta":"s"}

event:message
data:{"type":"response","delta":"."}

event:message
data:{"type":"response","delta":"语"}

event:message
data:{"type":"response","delta":"义"}

event:message
data:{"type":"response","delta":"理"}

event:message
data:{"type":"response","delta":"解"}

event:message
data:{"type":"response","delta":"）"}

event:message
data:{"type":"response","delta":"\n"}

event:message
data:{"type":"response","delta":"-"}

event:message
data:{"type":"response","delta":" "}

event:message
data:{"type":"response","delta":"*"}

event:message
data:{"type":"response","delta":"*"}

event:message
data:{"type":"response","delta":"可"}

event:message
data:{"type":"response","delta":"解"}

event:message
data:{"type":"response","delta":"释"}

event:message
data:{"type":"response","delta":"性"}

event:message
data:{"type":"response","delta":"*"}

event:message
data:{"type":"response","delta":"*"}

event:message
data:{"type":"response","delta":"："}

event:message
data:{"type":"response","delta":"保"}

event:message
data:{"type":"response","delta":"留"}

event:message
data:{"type":"response","delta":"传"}

event:message
data:{"type":"response","delta":"统"}

event:message
data:{"type":"response","delta":"模"}

event:message
data:{"type":"response","delta":"型"}

event:message
data:{"type":"response","delta":"的"}

event:message
data:{"type":"response","delta":"可"}

event:message
data:{"type":"response","delta":"解"}

event:message
data:{"type":"response","delta":"释"}

event:message
data:{"type":"response","delta":"性"}

event:message
data:{"type":"response","delta":"优"}

event:message
data:{"type":"response","delta":"势"}

event:message
data:{"type":"response","delta":"，"}

event:message
data:{"type":"response","delta":"同"}

event:message
data:{"type":"response","delta":"时"}

event:message
data:{"type":"response","delta":"获"}

event:message
data:{"type":"response","delta":"得"}

event:message
data:{"type":"response","delta":"深"}

event:message
data:{"type":"response","delta":"度"}

event:message
data:{"type":"response","delta":"模"}

event:message
data:{"type":"response","delta":"型"}

event:message
data:{"type":"response","delta":"的"}

event:message
data:{"type":"response","delta":"语"}

event:message
data:{"type":"response","delta":"义"}

event:message
data:{"type":"response","delta":"理"}

event:message
data:{"type":"response","delta":"解"}

event:message
data:{"type":"response","delta":"能"}

event:message
data:{"type":"response","delta":"力"}

event:message
data:{"type":"response","delta":">"}

event:message
data:{"type":"response","delta":" "}

event:message
data:{"type":"response","delta":"注"}

event:message
data:{"type":"response","delta":"："}

event:message
data:{"type":"response","delta":"具"}

event:message
data:{"type":"response","delta":"体"}

event:message
data:{"type":"response","delta":"实"}

event:message
data:{"type":"response","delta":"现"}

event:message
data:{"type":"response","delta":"细"}

event:message
data:{"type":"response","delta":"节"}

event:message
data:{"type":"response","delta":"（"}

event:message
data:{"type":"response","delta":"如"}

event:message
data:{"type":"response","delta":"模"}

event:message
data:{"type":"response","delta":"型"}

event:message
data:{"type":"response","delta":"架"}

event:message
data:{"type":"response","delta":"构"}

event:message
data:{"type":"response","delta":"、"}

event:message
data:{"type":"response","delta":"融"}

event:message
data:{"type":"response","delta":"合"}

event:message
data:{"type":"response","delta":"算"}

event:message
data:{"type":"response","delta":"法"}

event:message
data:{"type":"response","delta":"）"}

event:message
data:{"type":"response","delta":"未"}

event:message
data:{"type":"response","delta":"在"}

event:message
data:{"type":"response","delta":"知"}

event:message
data:{"type":"response","delta":"识"}

event:message
data:{"type":"response","delta":"库"}

event:message
data:{"type":"response","delta":"中"}

event:message
data:{"type":"response","delta":"收"}

event:message
data:{"type":"response","delta":"录"}

event:message
data:{"type":"response","delta":"，"}

event:message
data:{"type":"response","delta":"建"}

event:message
data:{"type":"response","delta":"议"}

event:message
data:{"type":"response","delta":"参"}

event:message
data:{"type":"response","delta":"考"}

event:message
data:{"type":"response","delta":"项"}

event:message
data:{"type":"response","delta":"目"}

event:message
data:{"type":"response","delta":"技"}

event:message
data:{"type":"response","delta":"术"}

event:message
data:{"type":"response","delta":"文"}

event:message
data:{"type":"response","delta":"档"}

event:message
data:{"type":"response","delta":"获"}

event:message
data:{"type":"response","delta":"取"}

event:message
data:{"type":"response","delta":"完"}

event:message
data:{"type":"response","delta":"整"}

event:message
data:{"type":"response","delta":"实"}

event:message
data:{"type":"response","delta":"现"}

event:message
data:{"type":"response","delta":"方"}

event:message
data:{"type":"response","delta":"案"}

event:message
data:{"type":"response","delta":"。"}

event:finish
data:{"messageId":"2034852880778842112","title":"Dual-retrieval rerank pipeline core idea"}

event:done
data:[DONE]

